========================================
   foxbot 0.0.1: tests/test-suite.log
========================================

# TOTAL: 2
# PASS:  0
# SKIP:  0
# XFAIL: 0
# FAIL:  1
# XPASS: 0
# ERROR: 1

.. contents:: :depth: 2

ERROR: check_foxbot
===================

in start_listener
Running suite(s): check_foxbot
not ok 1 - units/connect_parse.c:connect_parse:connect: Test timeout expired
FAIL: check_foxbot 1 - units/connect_parse.c:connect_parse:connect: Test timeout expired
0%: Checks: 1, Failures: 0, Errors: 1
units/connect_parse.c:33:E:connect_parse:connect:0: (after this point) Test timeout expired
1..1
ERROR: check_foxbot - exited with status 1

